// Jest Snapshot v1, https://goo.gl/fbAQLP

exports[`Spinner renders correctly 1`] = `
<div class="text-center">
  <b-spinner label="Spinning"></b-spinner>
</div>
`;
